-- Found Python3: /home/codespace/.python/current/bin/python3 (found suitable version "3.14.2", minimum required is "3.4") found components: Interpreter 
Auto-detected 2 CPU cores available for build parallelism.
-- If not already cached, setting CMAKE_MSVC_RUNTIME_LIBRARY.
	For more information please read godot-cpp/cmake/windows.cmake
-- The CXX compiler identification is GNU 13.3.0
-- Detecting CXX compiler ABI info
-- Detecting CXX compiler ABI info - done
-- Check for working CXX compiler: /usr/bin/c++ - skipped
-- Detecting CXX compile features
-- Detecting CXX compile features - done
Using  cores, You can override it at configure time by using -j <n> or --parallel <n> on the build command.
  eg. cmake --build . -j 7  ...
-- GODOTCPP_GDEXTENSION_API_FILE = 'gdextension/extension_api.json'
-- There are 1964 Files to generate
-- Configuring done (4.1s)
-- Generating done (1.1s)
CMake Warning:
  Manually-specified variables were not used by the project:

    BUILD_TESTING
    GDEXTENSION_TOOLS_ENABLED


-- Build files have been written to: /workspaces/luanti/godot_client/ws_build
